
Gurobi 13.0.3 (linux64) logging started Fri Sep 11 02:01:48 2026

Set parameter LogFile to value "resultados/dags_010_s1/gurobi.log"
Set parameter LogToConsole to value 0
Gurobi Optimizer version 13.0.3 build v13.0.3rc0 (linux64 - "Ubuntu 24.04.4 LTS")

CPU model: AMD Ryzen 7 7700 8-Core Processor, instruction set [SSE2|AVX|AVX2|AVX512]
Thread count: 8 physical cores, 16 logical processors, using up to 16 threads

Non-default parameters:
TimeLimit  3600
LogToConsole  0

Optimize a model with 112 rows, 78 columns and 279 nonzeros (Max)
Model fingerprint: 0xc4fcd743
Model has 48 linear objective coefficients
Variable types: 48 continuous, 30 integer (30 binary)
Coefficient statistics:
  Matrix range     [1e+00, 5e+01]
  Objective range  [1e+00, 5e+01]
  Bounds range     [1e+00, 1e+00]
  RHS range        [1e+00, 1e+00]

Presolve removed 22 rows and 14 columns
Presolve time: 0.00s
Presolved: 90 rows, 64 columns, 230 nonzeros
Variable types: 0 continuous, 64 integer (64 binary)
Found heuristic solution: objective 96.0000000

Root relaxation: objective 2.055568e+02, 73 iterations, 0.00 seconds (0.00 work units)

    Nodes    |    Current Node    |     Objective Bounds      |     Work
 Expl Unexpl |  Obj  Depth IntInf | Incumbent    BestBd   Gap | It/Node Time

     0     0  205.55678    0   36   96.00000  205.55678   114%     -    0s
H    0     0                     108.0000000  205.55678  90.3%     -    0s
H    0     0                     180.0000000  205.55678  14.2%     -    0s
H    0     0                     185.0000000  205.55678  11.1%     -    0s

Cutting planes:
  Cover: 1
  GUB cover: 1
  Mod-K: 2
  RLT: 11

Explored 1 nodes (73 simplex iterations) in 0.02 seconds (0.00 work units)
Thread count was 16 (of 16 available processors)

Solution count 4: 185 180 108 96 

Optimal solution found (tolerance 1.00e-04)
Best objective 1.850000000000e+02, best bound 1.850000000000e+02, gap 0.0000%
